Release 14.7 - xst P.20131013 (nt)
Copyright (c) 1995-2013 Xilinx, Inc.  All rights reserved.
--> Parameter TMPDIR set to xst/projnav.tmp


Total REAL time to Xst completion: 0.00 secs
Total CPU time to Xst completion: 0.16 secs
 
--> Parameter xsthdpdir set to xst


Total REAL time to Xst completion: 0.00 secs
Total CPU time to Xst completion: 0.16 secs
 
--> Reading design: Scheme.prj

TABLE OF CONTENTS
  1) Synthesis Options Summary
  2) HDL Compilation
  3) Design Hierarchy Analysis
  4) HDL Analysis
  5) HDL Synthesis
     5.1) HDL Synthesis Report
  6) Advanced HDL Synthesis
     6.1) Advanced HDL Synthesis Report
  7) Low Level Synthesis
  8) Partition Report
  9) Final Report
	9.1) Device utilization summary
	9.2) Partition Resource Summary
	9.3) TIMING REPORT


=========================================================================
*                      Synthesis Options Summary                        *
=========================================================================
---- Source Parameters
Input File Name                    : "Scheme.prj"
Input Format                       : mixed
Ignore Synthesis Constraint File   : NO

---- Target Parameters
Output File Name                   : "Scheme"
Output Format                      : NGC
Target Device                      : xc3s500e-5-fg320

---- Source Options
Top Module Name                    : Scheme
Automatic FSM Extraction           : YES
FSM Encoding Algorithm             : Auto
Safe Implementation                : No
FSM Style                          : LUT
RAM Extraction                     : Yes
RAM Style                          : Auto
ROM Extraction                     : Yes
Mux Style                          : Auto
Decoder Extraction                 : YES
Priority Encoder Extraction        : Yes
Shift Register Extraction          : YES
Logical Shifter Extraction         : YES
XOR Collapsing                     : YES
ROM Style                          : Auto
Mux Extraction                     : Yes
Resource Sharing                   : YES
Asynchronous To Synchronous        : NO
Multiplier Style                   : Auto
Automatic Register Balancing       : No

---- Target Options
Add IO Buffers                     : YES
Global Maximum Fanout              : 100000
Add Generic Clock Buffer(BUFG)     : 24
Register Duplication               : YES
Slice Packing                      : YES
Optimize Instantiated Primitives   : NO
Use Clock Enable                   : Yes
Use Synchronous Set                : Yes
Use Synchronous Reset              : Yes
Pack IO Registers into IOBs        : Auto
Equivalent register Removal        : YES

---- General Options
Optimization Goal                  : Speed
Optimization Effort                : 1
Keep Hierarchy                     : No
Netlist Hierarchy                  : As_Optimized
RTL Output                         : Yes
Global Optimization                : AllClockNets
Read Cores                         : YES
Write Timing Constraints           : NO
Cross Clock Analysis               : NO
Hierarchy Separator                : /
Bus Delimiter                      : <>
Case Specifier                     : Maintain
Slice Utilization Ratio            : 100
BRAM Utilization Ratio             : 100
Verilog 2001                       : YES
Auto BRAM Packing                  : NO
Slice Utilization Ratio Delta      : 5

=========================================================================


=========================================================================
*                          HDL Compilation                              *
=========================================================================
Compiling vhdl file "C:/Users/lab/Desktop/RPG_VHDL_Spartan3E - Kopia/Map.vhd" in Library work.
Architecture behavioral of Entity gamemap is up to date.
Compiling vhdl file "C:/Users/lab/Desktop/RPG_VHDL_Spartan3E - Kopia/VGA.vhd" in Library work.
Architecture behavioral of Entity vgadriver is up to date.
Compiling vhdl file "C:/Users/lab/Desktop/RPG_VHDL_Spartan3E - Kopia/GameLogic.vhd" in Library work.
Entity <gamelogic> compiled.
Entity <gamelogic> (Architecture <behavioral>) compiled.
Compiling vhdl file "C:/Users/lab/Desktop/RPG_VHDL_Spartan3E - Kopia/Scheme.vhf" in Library work.
Entity <scheme> compiled.
Entity <scheme> (Architecture <behavioral>) compiled.

=========================================================================
*                     Design Hierarchy Analysis                         *
=========================================================================
Analyzing hierarchy for entity <Scheme> in library <work> (architecture <behavioral>).

Analyzing hierarchy for entity <GameMap> in library <work> (architecture <behavioral>).

Analyzing hierarchy for entity <VGAdriver> in library <work> (architecture <behavioral>).

Analyzing hierarchy for entity <GameLogic> in library <work> (architecture <behavioral>).


=========================================================================
*                            HDL Analysis                               *
=========================================================================
Analyzing Entity <Scheme> in library <work> (Architecture <behavioral>).
WARNING:Xst:753 - "C:/Users/lab/Desktop/RPG_VHDL_Spartan3E - Kopia/Scheme.vhf" line 111: Unconnected output port 'E0' of component 'PS2_Kbd'.
WARNING:Xst:2211 - "C:/Users/lab/Desktop/RPG_VHDL_Spartan3E - Kopia/Scheme.vhf" line 111: Instantiating black box module <PS2_Kbd>.
Entity <Scheme> analyzed. Unit <Scheme> generated.

Analyzing Entity <GameMap> in library <work> (Architecture <behavioral>).
Entity <GameMap> analyzed. Unit <GameMap> generated.

Analyzing Entity <VGAdriver> in library <work> (Architecture <behavioral>).
Entity <VGAdriver> analyzed. Unit <VGAdriver> generated.

Analyzing Entity <GameLogic> in library <work> (Architecture <behavioral>).
Entity <GameLogic> analyzed. Unit <GameLogic> generated.


=========================================================================
*                           HDL Synthesis                               *
=========================================================================

Performing bidirectional port resolution...

Synthesizing Unit <GameMap>.
    Related source file is "C:/Users/lab/Desktop/RPG_VHDL_Spartan3E - Kopia/Map.vhd".
WARNING:Xst:737 - Found 5-bit latch for signal <div_x_sig>. Latches may be generated from incomplete case or if statements. We do not recommend the use of latches in FPGA/CPLD designs, as they may lead to timing problems.
INFO:Xst:2371 - HDL ADVISOR - Logic functions respectively driving the data and gate enable inputs of this latch share common terms. This situation will potentially lead to setup/hold violations and, as a result, to simulation problems. This situation may come from an incomplete case statement (all selector values are not covered). You should carefully review if it was in your intentions to describe such a latch.
WARNING:Xst:737 - Found 4-bit latch for signal <div_y_sig>. Latches may be generated from incomplete case or if statements. We do not recommend the use of latches in FPGA/CPLD designs, as they may lead to timing problems.
INFO:Xst:2371 - HDL ADVISOR - Logic functions respectively driving the data and gate enable inputs of this latch share common terms. This situation will potentially lead to setup/hold violations and, as a result, to simulation problems. This situation may come from an incomplete case statement (all selector values are not covered). You should carefully review if it was in your intentions to describe such a latch.
    Found 10-bit subtractor for signal <div_x_sig$addsub0000> created at line 70.
    Found 10-bit subtractor for signal <div_x_sig$addsub0001> created at line 70.
    Found 10-bit subtractor for signal <div_x_sig$addsub0002> created at line 70.
    Found 10-bit subtractor for signal <div_x_sig$addsub0003> created at line 70.
    Found 10-bit subtractor for signal <div_x_sig$addsub0004> created at line 70.
    Found 10-bit subtractor for signal <div_x_sig$addsub0005> created at line 70.
    Found 10-bit subtractor for signal <div_x_sig$addsub0006> created at line 70.
    Found 10-bit subtractor for signal <div_x_sig$addsub0007> created at line 70.
    Found 10-bit subtractor for signal <div_x_sig$addsub0008> created at line 70.
    Found 10-bit subtractor for signal <div_x_sig$addsub0009> created at line 70.
    Found 10-bit subtractor for signal <div_x_sig$addsub0010> created at line 70.
    Found 10-bit subtractor for signal <div_x_sig$addsub0011> created at line 70.
    Found 10-bit subtractor for signal <div_x_sig$addsub0012> created at line 70.
    Found 10-bit subtractor for signal <div_x_sig$addsub0013> created at line 70.
    Found 10-bit subtractor for signal <div_x_sig$addsub0014> created at line 70.
    Found 10-bit subtractor for signal <div_x_sig$addsub0015> created at line 70.
    Found 10-bit subtractor for signal <div_x_sig$addsub0016> created at line 70.
    Found 10-bit subtractor for signal <div_x_sig$addsub0017> created at line 70.
    Found 10-bit subtractor for signal <div_x_sig$addsub0018> created at line 70.
    Found 10-bit comparator less for signal <div_x_sig$cmp_lt0000> created at line 70.
    Found 10-bit comparator less for signal <div_x_sig$cmp_lt0001> created at line 70.
    Found 10-bit comparator less for signal <div_x_sig$cmp_lt0002> created at line 70.
    Found 10-bit comparator less for signal <div_x_sig$cmp_lt0003> created at line 70.
    Found 10-bit comparator less for signal <div_x_sig$cmp_lt0004> created at line 70.
    Found 10-bit comparator less for signal <div_x_sig$cmp_lt0005> created at line 70.
    Found 10-bit comparator less for signal <div_x_sig$cmp_lt0006> created at line 70.
    Found 10-bit comparator less for signal <div_x_sig$cmp_lt0007> created at line 70.
    Found 10-bit comparator less for signal <div_x_sig$cmp_lt0008> created at line 70.
    Found 10-bit comparator less for signal <div_x_sig$cmp_lt0009> created at line 70.
    Found 10-bit comparator less for signal <div_x_sig$cmp_lt0010> created at line 70.
    Found 10-bit comparator less for signal <div_x_sig$cmp_lt0011> created at line 70.
    Found 10-bit comparator less for signal <div_x_sig$cmp_lt0012> created at line 70.
    Found 10-bit comparator less for signal <div_x_sig$cmp_lt0013> created at line 70.
    Found 10-bit comparator less for signal <div_x_sig$cmp_lt0014> created at line 70.
    Found 10-bit comparator less for signal <div_x_sig$cmp_lt0015> created at line 70.
    Found 10-bit comparator less for signal <div_x_sig$cmp_lt0016> created at line 70.
    Found 10-bit comparator less for signal <div_x_sig$cmp_lt0017> created at line 70.
    Found 10-bit comparator less for signal <div_x_sig$cmp_lt0018> created at line 70.
    Found 10-bit comparator less for signal <div_x_sig$cmp_lt0019> created at line 70.
    Found 9-bit subtractor for signal <div_y_sig$addsub0000> created at line 83.
    Found 9-bit subtractor for signal <div_y_sig$addsub0001> created at line 83.
    Found 9-bit subtractor for signal <div_y_sig$addsub0002> created at line 83.
    Found 9-bit subtractor for signal <div_y_sig$addsub0003> created at line 83.
    Found 9-bit subtractor for signal <div_y_sig$addsub0004> created at line 83.
    Found 9-bit subtractor for signal <div_y_sig$addsub0005> created at line 83.
    Found 9-bit subtractor for signal <div_y_sig$addsub0006> created at line 83.
    Found 9-bit subtractor for signal <div_y_sig$addsub0007> created at line 83.
    Found 9-bit subtractor for signal <div_y_sig$addsub0008> created at line 83.
    Found 9-bit subtractor for signal <div_y_sig$addsub0009> created at line 83.
    Found 9-bit subtractor for signal <div_y_sig$addsub0010> created at line 83.
    Found 9-bit subtractor for signal <div_y_sig$addsub0011> created at line 83.
    Found 9-bit subtractor for signal <div_y_sig$addsub0012> created at line 83.
    Found 9-bit subtractor for signal <div_y_sig$addsub0013> created at line 83.
    Found 9-bit comparator less for signal <div_y_sig$cmp_lt0000> created at line 83.
    Found 9-bit comparator less for signal <div_y_sig$cmp_lt0001> created at line 83.
    Found 9-bit comparator less for signal <div_y_sig$cmp_lt0002> created at line 83.
    Found 9-bit comparator less for signal <div_y_sig$cmp_lt0003> created at line 83.
    Found 9-bit comparator less for signal <div_y_sig$cmp_lt0004> created at line 83.
    Found 9-bit comparator less for signal <div_y_sig$cmp_lt0005> created at line 83.
    Found 9-bit comparator less for signal <div_y_sig$cmp_lt0006> created at line 83.
    Found 9-bit comparator less for signal <div_y_sig$cmp_lt0007> created at line 83.
    Found 9-bit comparator less for signal <div_y_sig$cmp_lt0008> created at line 83.
    Found 9-bit comparator less for signal <div_y_sig$cmp_lt0009> created at line 83.
    Found 9-bit comparator less for signal <div_y_sig$cmp_lt0010> created at line 83.
    Found 9-bit comparator less for signal <div_y_sig$cmp_lt0011> created at line 83.
    Found 9-bit comparator less for signal <div_y_sig$cmp_lt0012> created at line 83.
    Found 9-bit comparator less for signal <div_y_sig$cmp_lt0013> created at line 83.
    Found 9-bit comparator less for signal <div_y_sig$cmp_lt0014> created at line 83.
    Summary:
	inferred  33 Adder/Subtractor(s).
	inferred  35 Comparator(s).
Unit <GameMap> synthesized.


Synthesizing Unit <VGAdriver>.
    Related source file is "C:/Users/lab/Desktop/RPG_VHDL_Spartan3E - Kopia/VGA.vhd".
    Found 1-bit register for signal <clk_25>.
    Found 10-bit up counter for signal <h_cnt>.
    Found 10-bit comparator less for signal <h_cnt$cmp_lt0000> created at line 46.
    Found 10-bit subtractor for signal <PIX_X$addsub0000> created at line 86.
    Found 10-bit comparator greatequal for signal <PIX_X$cmp_ge0000> created at line 85.
    Found 10-bit comparator greatequal for signal <PIX_X$cmp_ge0001> created at line 85.
    Found 10-bit comparator lessequal for signal <PIX_X$cmp_le0000> created at line 85.
    Found 10-bit comparator lessequal for signal <PIX_X$cmp_le0001> created at line 85.
    Found 9-bit subtractor for signal <PIX_Y$addsub0000> created at line 87.
    Found 10-bit up counter for signal <v_cnt>.
    Found 10-bit comparator less for signal <v_cnt$cmp_lt0000> created at line 50.
    Found 10-bit comparator less for signal <VGA_HS$cmp_lt0000> created at line 64.
    Found 10-bit comparator less for signal <VGA_VS$cmp_lt0000> created at line 75.
    Summary:
	inferred   2 Counter(s).
	inferred   1 D-type flip-flop(s).
	inferred   2 Adder/Subtractor(s).
	inferred   8 Comparator(s).
Unit <VGAdriver> synthesized.


Synthesizing Unit <GameLogic>.
    Related source file is "C:/Users/lab/Desktop/RPG_VHDL_Spartan3E - Kopia/GameLogic.vhd".
WARNING:Xst:1780 - Signal <moved> is never used or assigned. This unconnected signal will be trimmed during the optimization process.
WARNING:Xst:653 - Signal <State> is used but never assigned. This sourceless signal will be automatically connected to value 00.
WARNING:Xst:653 - Signal <RGB_PLAYER> is used but never assigned. This sourceless signal will be automatically connected to value 000.
WARNING:Xst:1780 - Signal <NextState> is never used or assigned. This unconnected signal will be trimmed during the optimization process.
    Using one-hot encoding for signal <$mux0003>.
    Using one-hot encoding for signal <$mux0004>.
    Using one-hot encoding for signal <$mux0001>.
    Using one-hot encoding for signal <$mux0002>.
WARNING:Xst:643 - "C:/Users/lab/Desktop/RPG_VHDL_Spartan3E - Kopia/GameLogic.vhd" line 108: The result of a 5x6-bit multiplication is partially used. Only the 10 least significant bits are used. If you are doing this on purpose, you may safely ignore this warning. Otherwise, make sure you are not losing information, leading to unexpected circuit behavior.
    Found 280x3-bit ROM for signal <$mux0001> created at line 108.
    Found 5x6-bit multiplier for signal <$mult0000> created at line 108.
    Found 5-bit subtractor for signal <mult0000$addsub0000> created at line 108.
    Found 10-bit adder carry out for signal <mux0001$addsub0001> created at line 108.
    Found 4-bit adder for signal <mux0002$addsub0000> created at line 112.
    Found 9-bit adder for signal <mux0002$addsub0001> created at line 112.
    Found 4x5-bit multiplier for signal <mux0002$mult0000> created at line 112.
    Found 9-bit adder for signal <mux0003$add0000> created at line 116.
    Found 4x5-bit multiplier for signal <mux0003$mult0000> created at line 116.
    Found 5-bit updown counter for signal <player_x>.
    Found 4-bit comparator greatequal for signal <player_x$cmp_ge0000> created at line 107.
    Found 5-bit comparator greatequal for signal <player_x$cmp_ge0001> created at line 113.
    Found 5-bit comparator greater for signal <player_x$cmp_gt0000> created at line 117.
    Found 4-bit comparator lessequal for signal <player_x$cmp_le0000> created at line 109.
    Found 5-bit comparator less for signal <player_x$cmp_lt0000> created at line 113.
    Found 4-bit updown counter for signal <player_y>.
    Found 4-bit comparator greater for signal <player_y$cmp_gt0000> created at line 109.
    Found 4-bit comparator less for signal <player_y$cmp_lt0000> created at line 107.
    Found 8-bit register for signal <regDI>.
    Found 9-bit adder for signal <RGB_MAP$addsub0000> created at line 95.
    Found 5-bit comparator equal for signal <RGB_MAP$cmp_eq0000> created at line 93.
    Found 4-bit comparator equal for signal <RGB_MAP$cmp_eq0001> created at line 93.
    Found 4x5-bit multiplier for signal <RGB_MAP$mult0000> created at line 95.
    Summary:
	inferred   1 ROM(s).
	inferred   2 Counter(s).
	inferred   8 D-type flip-flop(s).
	inferred   6 Adder/Subtractor(s).
	inferred   4 Multiplier(s).
	inferred   9 Comparator(s).
Unit <GameLogic> synthesized.


Synthesizing Unit <Scheme>.
    Related source file is "C:/Users/lab/Desktop/RPG_VHDL_Spartan3E - Kopia/Scheme.vhf".
Unit <Scheme> synthesized.


=========================================================================
HDL Synthesis Report

Macro Statistics
# ROMs                                                 : 1
 280x3-bit ROM                                         : 1
# Multipliers                                          : 4
 4x5-bit multiplier                                    : 3
 5x6-bit multiplier                                    : 1
# Adders/Subtractors                                   : 41
 10-bit adder carry out                                : 1
 10-bit subtractor                                     : 20
 4-bit adder                                           : 1
 5-bit subtractor                                      : 1
 9-bit adder                                           : 3
 9-bit subtractor                                      : 15
# Counters                                             : 4
 10-bit up counter                                     : 2
 4-bit updown counter                                  : 1
 5-bit updown counter                                  : 1
# Registers                                            : 2
 1-bit register                                        : 1
 8-bit register                                        : 1
# Latches                                              : 2
 4-bit latch                                           : 1
 5-bit latch                                           : 1
# Comparators                                          : 52
 10-bit comparator greatequal                          : 2
 10-bit comparator less                                : 24
 10-bit comparator lessequal                           : 2
 4-bit comparator equal                                : 1
 4-bit comparator greatequal                           : 1
 4-bit comparator greater                              : 1
 4-bit comparator less                                 : 1
 4-bit comparator lessequal                            : 1
 5-bit comparator equal                                : 1
 5-bit comparator greatequal                           : 1
 5-bit comparator greater                              : 1
 5-bit comparator less                                 : 1
 9-bit comparator less                                 : 15

=========================================================================

=========================================================================
*                       Advanced HDL Synthesis                          *
=========================================================================

Reading core <PS2_Kbd.ngc>.
Loading core <PS2_Kbd> for timing and area information for instance <XLXI_7>.

=========================================================================
Advanced HDL Synthesis Report

Macro Statistics
# ROMs                                                 : 1
 280x3-bit ROM                                         : 1
# Multipliers                                          : 4
 4x5-bit multiplier                                    : 3
 5x6-bit multiplier                                    : 1
# Adders/Subtractors                                   : 41
 10-bit adder carry out                                : 1
 10-bit subtractor                                     : 20
 4-bit adder                                           : 1
 5-bit subtractor                                      : 1
 9-bit adder                                           : 3
 9-bit subtractor                                      : 15
# Counters                                             : 4
 10-bit up counter                                     : 2
 4-bit updown counter                                  : 1
 5-bit updown counter                                  : 1
# Registers                                            : 9
 Flip-Flops                                            : 9
# Latches                                              : 2
 4-bit latch                                           : 1
 5-bit latch                                           : 1
# Comparators                                          : 52
 10-bit comparator greatequal                          : 2
 10-bit comparator less                                : 24
 10-bit comparator lessequal                           : 2
 4-bit comparator equal                                : 1
 4-bit comparator greatequal                           : 1
 4-bit comparator greater                              : 1
 4-bit comparator less                                 : 1
 4-bit comparator lessequal                            : 1
 5-bit comparator equal                                : 1
 5-bit comparator greatequal                           : 1
 5-bit comparator greater                              : 1
 5-bit comparator less                                 : 1
 9-bit comparator less                                 : 15

=========================================================================

=========================================================================
*                         Low Level Synthesis                           *
=========================================================================

Optimizing unit <Scheme> ...

Optimizing unit <VGAdriver> ...

Optimizing unit <GameLogic> ...

Optimizing unit <GameMap> ...

Mapping all equations...
Building and optimizing final netlist ...
Found area constraint ratio of 100 (+ 5) on block Scheme, actual ratio is 2.

Final Macro Processing ...

=========================================================================
Final Register Report

Macro Statistics
# Registers                                            : 38
 Flip-Flops                                            : 38

=========================================================================

=========================================================================
*                           Partition Report                            *
=========================================================================

Partition Implementation Status
-------------------------------

  No Partitions were found in this design.

-------------------------------

=========================================================================
*                            Final Report                               *
=========================================================================
Final Results
RTL Top Level Output File Name     : Scheme.ngr
Top Level Output File Name         : Scheme
Output Format                      : NGC
Optimization Goal                  : Speed
Keep Hierarchy                     : No

Design Statistics
# IOs                              : 8

Cell Usage :
# BELS                             : 340
#      GND                         : 2
#      INV                         : 12
#      LUT1                        : 33
#      LUT2                        : 29
#      LUT2_D                      : 1
#      LUT2_L                      : 1
#      LUT3                        : 32
#      LUT3_D                      : 1
#      LUT3_L                      : 3
#      LUT4                        : 86
#      LUT4_D                      : 1
#      LUT4_L                      : 6
#      MUXCY                       : 59
#      MUXF5                       : 12
#      VCC                         : 2
#      XORCY                       : 60
# FlipFlops/Latches                : 84
#      FD                          : 11
#      FDE                         : 33
#      FDR                         : 12
#      FDRE                        : 19
#      LD                          : 9
# Clock Buffers                    : 2
#      BUFG                        : 1
#      BUFGP                       : 1
# IO Buffers                       : 7
#      IBUF                        : 2
#      OBUF                        : 5
# MULTs                            : 1
#      MULT18X18SIO                : 1
=========================================================================

Device utilization summary:
---------------------------

Selected Device : 3s500efg320-5 

 Number of Slices:                      116  out of   4656     2%  
 Number of Slice Flip Flops:             84  out of   9312     0%  
 Number of 4 input LUTs:                205  out of   9312     2%  
 Number of IOs:                           8
 Number of bonded IOBs:                   8  out of    232     3%  
 Number of MULT18X18SIOs:                 1  out of     20     5%  
 Number of GCLKs:                         2  out of     24     8%  

---------------------------
Partition Resource Summary:
---------------------------

  No Partitions were found in this design.

---------------------------


=========================================================================
TIMING REPORT

NOTE: THESE TIMING NUMBERS ARE ONLY A SYNTHESIS ESTIMATE.
      FOR ACCURATE TIMING INFORMATION PLEASE REFER TO THE TRACE REPORT
      GENERATED AFTER PLACE-and-ROUTE.

Clock Information:
------------------
-----------------------------------------------------+----------------------------+-------+
Clock Signal                                         | Clock buffer(FF name)      | Load  |
-----------------------------------------------------+----------------------------+-------+
Clk_50MHz                                            | BUFGP                      | 55    |
XLXI_4/clk_251                                       | BUFG                       | 20    |
XLXI_3/div_x_sig_not0001(XLXI_3/div_x_sig_not00011:O)| NONE(*)(XLXI_3/div_x_sig_4)| 5     |
XLXI_3/div_y_sig_not0001(XLXI_3/div_y_sig_not00011:O)| NONE(*)(XLXI_3/div_y_sig_3)| 4     |
-----------------------------------------------------+----------------------------+-------+
(*) These 2 clock signal(s) are generated by combinatorial logic,
and XST is not able to identify which are the primary clock signals.
Please use the CLOCK_SIGNAL constraint to specify the clock signal(s) generated by combinatorial logic.
INFO:Xst:2169 - HDL ADVISOR - Some clock signals were not automatically buffered by XST with BUFG/BUFR resources. Please use the buffer_type constraint in order to insert these buffers to the clock signals to help prevent skew problems.

Asynchronous Control Signals Information:
----------------------------------------
No asynchronous control signals found in this design

Timing Summary:
---------------
Speed Grade: -5

   Minimum period: 11.809ns (Maximum Frequency: 84.684MHz)
   Minimum input arrival time before clock: 3.490ns
   Maximum output required time after clock: 10.491ns
   Maximum combinational path delay: No path found

Timing Detail:
--------------
All values displayed in nanoseconds (ns)

=========================================================================
Timing constraint: Default period analysis for Clock 'Clk_50MHz'
  Clock period: 11.809ns (frequency: 84.684MHz)
  Total number of paths / destination ports: 6000 / 97
-------------------------------------------------------------------------
Delay:               11.809ns (Levels of Logic = 7)
  Source:            XLXI_18/player_y_0 (FF)
  Destination:       XLXI_18/player_y_3 (FF)
  Source Clock:      Clk_50MHz rising
  Destination Clock: Clk_50MHz rising

  Data Path: XLXI_18/player_y_0 to XLXI_18/player_y_3
                                Gate     Net
    Cell:in->out      fanout   Delay   Delay  Logical Name (Net Name)
    ----------------------------------------  ------------
     FDE:C->Q             23   0.514   1.025  XLXI_18/player_y_0 (XLXI_18/player_y_0)
     LUT4:I3->O           14   0.612   0.850  XLXI_18/Msub_mult0000_addsub0000_xor<4>11 (XLXI_18/mult0000_addsub0000<4>)
     MULT18X18SIO:A4->P6    1   3.632   0.509  XLXI_18/Mmult__mult0000 (XLXI_18/_mult0000<6>)
     LUT1:I0->O            1   0.612   0.000  XLXI_18/Madd_mux0001_addsub0001_cy<6>_rt (XLXI_18/Madd_mux0001_addsub0001_cy<6>_rt)
     MUXCY:S->O            1   0.404   0.000  XLXI_18/Madd_mux0001_addsub0001_cy<6> (XLXI_18/Madd_mux0001_addsub0001_cy<6>)
     XORCY:CI->O           1   0.699   0.357  XLXI_18/Madd_mux0001_addsub0001_xor<7> (XLXI_18/mux0001_addsub0001<7>)
     MUXF5:S->O            1   0.641   0.360  XLXI_18/player_y_not000211_SW1 (N26)
     LUT4:I3->O            4   0.612   0.499  XLXI_18/player_y_not0002125 (XLXI_18/player_y_not0002)
     FDE:CE                    0.483          XLXI_18/player_y_0
    ----------------------------------------
    Total                     11.809ns (8.209ns logic, 3.600ns route)
                                       (69.5% logic, 30.5% route)

=========================================================================
Timing constraint: Default period analysis for Clock 'XLXI_4/clk_251'
  Clock period: 5.541ns (frequency: 180.486MHz)
  Total number of paths / destination ports: 480 / 50
-------------------------------------------------------------------------
Delay:               5.541ns (Levels of Logic = 4)
  Source:            XLXI_4/h_cnt_2 (FF)
  Destination:       XLXI_4/v_cnt_9 (FF)
  Source Clock:      XLXI_4/clk_251 rising
  Destination Clock: XLXI_4/clk_251 rising

  Data Path: XLXI_4/h_cnt_2 to XLXI_4/v_cnt_9
                                Gate     Net
    Cell:in->out      fanout   Delay   Delay  Logical Name (Net Name)
    ----------------------------------------  ------------
     FDR:C->Q              2   0.514   0.532  XLXI_4/h_cnt_2 (XLXI_4/h_cnt_2)
     LUT4:I0->O            1   0.612   0.000  XLXI_4/h_cnt_cmp_lt00002211 (XLXI_4/h_cnt_cmp_lt00002211)
     MUXF5:I1->O           2   0.278   0.449  XLXI_4/h_cnt_cmp_lt0000221_f5 (XLXI_4/h_cnt_cmp_lt0000221)
     LUT4:I1->O            1   0.612   0.387  XLXI_4/h_cnt_cmp_lt0000233 (XLXI_4/h_cnt_cmp_lt0000)
     LUT4:I2->O           10   0.612   0.750  XLXI_4/v_cnt_and000021 (XLXI_4/v_cnt_and0000)
     FDRE:R                    0.795          XLXI_4/v_cnt_0
    ----------------------------------------
    Total                      5.541ns (3.423ns logic, 2.118ns route)
                                       (61.8% logic, 38.2% route)

=========================================================================
Timing constraint: Default OFFSET IN BEFORE for Clock 'Clk_50MHz'
  Total number of paths / destination ports: 3 / 3
-------------------------------------------------------------------------
Offset:              3.490ns (Levels of Logic = 4)
  Source:            PS2_Data (PAD)
  Destination:       XLXI_7/ByteRdy (FF)
  Destination Clock: Clk_50MHz rising

  Data Path: PS2_Data to XLXI_7/ByteRdy
                                Gate     Net
    Cell:in->out      fanout   Delay   Delay  Logical Name (Net Name)
    ----------------------------------------  ------------
     IBUF:I->O             2   1.106   0.532  PS2_Data_IBUF (PS2_Data_IBUF)
     begin scope: 'XLXI_7'
     LUT2:I0->O            1   0.612   0.360  ByteRdy_and0000_SW0_SW0 (N6)
     LUT4:I3->O            1   0.612   0.000  ByteRdy_and0000 (ByteRdy_and0000)
     FDR:D                     0.268          ByteRdy
    ----------------------------------------
    Total                      3.490ns (2.598ns logic, 0.892ns route)
                                       (74.4% logic, 25.6% route)

=========================================================================
Timing constraint: Default OFFSET OUT AFTER for Clock 'XLXI_4/clk_251'
  Total number of paths / destination ports: 76 / 4
-------------------------------------------------------------------------
Offset:              10.491ns (Levels of Logic = 8)
  Source:            XLXI_4/v_cnt_5 (FF)
  Destination:       VGA_B (PAD)
  Source Clock:      XLXI_4/clk_251 rising

  Data Path: XLXI_4/v_cnt_5 to VGA_B
                                Gate     Net
    Cell:in->out      fanout   Delay   Delay  Logical Name (Net Name)
    ----------------------------------------  ------------
     FDRE:C->Q             6   0.514   0.721  XLXI_4/v_cnt_5 (XLXI_4/v_cnt_5)
     LUT4:I0->O            1   0.612   0.000  XLXI_4/PIX_X_and0000661 (XLXI_4/PIX_X_and0000661)
     MUXF5:I1->O           1   0.278   0.360  XLXI_4/PIX_X_and000066_f5 (XLXI_4/PIX_X_and000066)
     LUT4:I3->O            1   0.612   0.000  XLXI_4/PIX_X_and0000130_SW0_G (N54)
     MUXF5:I1->O           1   0.278   0.360  XLXI_4/PIX_X_and0000130_SW0 (N43)
     LUT4:I3->O           12   0.612   0.969  XLXI_4/PIX_X_and0000130 (XLXI_4/PIX_X_and0000)
     LUT4:I0->O            1   0.612   0.426  XLXI_4/VGA_B73 (XLXI_4/VGA_B73)
     LUT4:I1->O            1   0.612   0.357  XLXI_4/VGA_B84 (VGA_B_OBUF)
     OBUF:I->O                 3.169          VGA_B_OBUF (VGA_B)
    ----------------------------------------
    Total                     10.491ns (7.299ns logic, 3.192ns route)
                                       (69.6% logic, 30.4% route)

=========================================================================
Timing constraint: Default OFFSET OUT AFTER for Clock 'XLXI_3/div_y_sig_not0001'
  Total number of paths / destination ports: 162 / 2
-------------------------------------------------------------------------
Offset:              9.842ns (Levels of Logic = 9)
  Source:            XLXI_3/div_y_sig_0 (LATCH)
  Destination:       VGA_G (PAD)
  Source Clock:      XLXI_3/div_y_sig_not0001 falling

  Data Path: XLXI_3/div_y_sig_0 to VGA_G
                                Gate     Net
    Cell:in->out      fanout   Delay   Delay  Logical Name (Net Name)
    ----------------------------------------  ------------
     LD:G->Q               8   0.588   0.795  XLXI_3/div_y_sig_0 (XLXI_3/div_y_sig_0)
     LUT2:I0->O            1   0.612   0.000  XLXI_18/Madd_RGB_MAP_addsub0000_lut<2> (XLXI_18/Madd_RGB_MAP_addsub0000_lut<2>)
     MUXCY:S->O            1   0.404   0.000  XLXI_18/Madd_RGB_MAP_addsub0000_cy<2> (XLXI_18/Madd_RGB_MAP_addsub0000_cy<2>)
     MUXCY:CI->O           1   0.051   0.000  XLXI_18/Madd_RGB_MAP_addsub0000_cy<3> (XLXI_18/Madd_RGB_MAP_addsub0000_cy<3>)
     MUXCY:CI->O           1   0.051   0.000  XLXI_18/Madd_RGB_MAP_addsub0000_cy<4> (XLXI_18/Madd_RGB_MAP_addsub0000_cy<4>)
     XORCY:CI->O           2   0.699   0.532  XLXI_18/Madd_RGB_MAP_addsub0000_xor<5> (XLXI_18/RGB_MAP_addsub0000<5>)
     LUT4:I0->O            1   0.612   0.387  XLXI_4/VGA_G5 (XLXI_4/VGA_G5)
     LUT3:I2->O            1   0.612   0.360  XLXI_4/VGA_G80_SW0 (N39)
     LUT4:I3->O            1   0.612   0.357  XLXI_4/VGA_G80 (VGA_G_OBUF)
     OBUF:I->O                 3.169          VGA_G_OBUF (VGA_G)
    ----------------------------------------
    Total                      9.842ns (7.411ns logic, 2.431ns route)
                                       (75.3% logic, 24.7% route)

=========================================================================
Timing constraint: Default OFFSET OUT AFTER for Clock 'Clk_50MHz'
  Total number of paths / destination ports: 52 / 2
-------------------------------------------------------------------------
Offset:              10.335ns (Levels of Logic = 8)
  Source:            XLXI_18/player_x_3 (FF)
  Destination:       VGA_B (PAD)
  Source Clock:      Clk_50MHz rising

  Data Path: XLXI_18/player_x_3 to VGA_B
                                Gate     Net
    Cell:in->out      fanout   Delay   Delay  Logical Name (Net Name)
    ----------------------------------------  ------------
     FDE:C->Q             11   0.514   0.862  XLXI_18/player_x_3 (XLXI_18/player_x_3)
     LUT4:I1->O            2   0.612   0.449  XLXI_18/RGB_MAP<0>121 (XLXI_18/RGB_MAP<0>_bdd19)
     LUT4:I1->O            1   0.612   0.000  XLXI_18/RGB_MAP<0>1011 (XLXI_18/RGB_MAP<0>101)
     MUXF5:I1->O           1   0.278   0.387  XLXI_18/RGB_MAP<0>101_f5 (XLXI_18/RGB_MAP<0>_bdd15)
     LUT4:I2->O            2   0.612   0.449  XLXI_18/RGB_MAP<0>7 (XLXI_18/RGB_MAP<0>_bdd8)
     LUT4:I1->O            1   0.612   0.000  XLXI_18/RGB_MAP<0>511 (XLXI_18/RGB_MAP<0>51)
     MUXF5:I1->O           2   0.278   0.532  XLXI_18/RGB_MAP<0>51_f5 (XLXI_18/RGB_MAP<0>_bdd3)
     LUT4:I0->O            1   0.612   0.357  XLXI_4/VGA_B84 (VGA_B_OBUF)
     OBUF:I->O                 3.169          VGA_B_OBUF (VGA_B)
    ----------------------------------------
    Total                     10.335ns (7.299ns logic, 3.036ns route)
                                       (70.6% logic, 29.4% route)

=========================================================================
Timing constraint: Default OFFSET OUT AFTER for Clock 'XLXI_3/div_x_sig_not0001'
  Total number of paths / destination ports: 76 / 2
-------------------------------------------------------------------------
Offset:              10.079ns (Levels of Logic = 8)
  Source:            XLXI_3/div_x_sig_3 (LATCH)
  Destination:       VGA_B (PAD)
  Source Clock:      XLXI_3/div_x_sig_not0001 falling

  Data Path: XLXI_3/div_x_sig_3 to VGA_B
                                Gate     Net
    Cell:in->out      fanout   Delay   Delay  Logical Name (Net Name)
    ----------------------------------------  ------------
     LD:G->Q               2   0.588   0.532  XLXI_3/div_x_sig_3 (XLXI_3/div_x_sig_3)
     LUT4:I0->O            2   0.612   0.449  XLXI_18/RGB_MAP<0>121 (XLXI_18/RGB_MAP<0>_bdd19)
     LUT4:I1->O            1   0.612   0.000  XLXI_18/RGB_MAP<0>1011 (XLXI_18/RGB_MAP<0>101)
     MUXF5:I1->O           1   0.278   0.387  XLXI_18/RGB_MAP<0>101_f5 (XLXI_18/RGB_MAP<0>_bdd15)
     LUT4:I2->O            2   0.612   0.449  XLXI_18/RGB_MAP<0>7 (XLXI_18/RGB_MAP<0>_bdd8)
     LUT4:I1->O            1   0.612   0.000  XLXI_18/RGB_MAP<0>511 (XLXI_18/RGB_MAP<0>51)
     MUXF5:I1->O           2   0.278   0.532  XLXI_18/RGB_MAP<0>51_f5 (XLXI_18/RGB_MAP<0>_bdd3)
     LUT4:I0->O            1   0.612   0.357  XLXI_4/VGA_B84 (VGA_B_OBUF)
     OBUF:I->O                 3.169          VGA_B_OBUF (VGA_B)
    ----------------------------------------
    Total                     10.079ns (7.373ns logic, 2.706ns route)
                                       (73.2% logic, 26.8% route)

=========================================================================


Total REAL time to Xst completion: 9.00 secs
Total CPU time to Xst completion: 9.05 secs
 
--> 

Total memory usage is 226748 kilobytes

Number of errors   :    0 (   0 filtered)
Number of warnings :    9 (   0 filtered)
Number of infos    :    3 (   0 filtered)

